[aspromodanet.com/farm/index.html]
[connect.facebook.net/en_US/fbevents.js]
[cdn.utmify.com.br/scripts/utms/latest.js]
[cdn.utmify.com.br/scripts/pixel/pixel.js]
[aspromodanet.com/farm/css/bootstrap.min.css]
[aspromodanet.com/farm/css/style.css]
[aspromodanet.com/farm/css/all.min.css]
[aspromodanet.com/farm/js/fbevents.js]
[aspromodanet.com/farm/js/jquery-3.7.1.min.js]
[aspromodanet.com/farm/favicon.ico]
[backblue.gif]
[fade.gif]
[index.html]
[aspromodanet.com/farm/js/bootstrap.bundle.min.js]
[aspromodanet.com/farm/js/latest.js]
[aspromodanet.com/farm/js/latest_1_1.js]
[aspromodanet.com/farm/images/logo-farm-rio-vertical-1024.png]
[aspromodanet.com/farm/images/Rosenbaum-Arquitetura-FarmRio-LeBon-Marche-Paris-FlaviaRibeiro-8-min.jpg]
[aspromodanet.com/farm/images/farmrio-image1.png]
[aspromodanet.com/farm/images/farmrio-image2.png]
[aspromodanet.com/farm/images/farmrio-image3.png]
[aspromodanet.com/farm/images/farmrio-image4.png]
[aspromodanet.com/farm/images/presente.png]
[aspromodanet.com/farm/js/hideAllExcept.js]
[aspromodanet.com/farm/js/selectedCard.js]
[aspromodanet.com/farm/js/selectedResponse.js]
[aspromodanet.com/farm/js/buttonCheck.js]
[aspromodanet.com/farm/js/popup.js]
[aspromodanet.com/farm/js/sendResponse.js]
[aspromodanet.com/farm/js/crypto-js.min.js]
[aspromodanet.com/farm/js/googletagmanager.js]
[aspromodanet.com/farm/js/googletagmanager_1.js]
[aspromodanet.com/farm/js/googletagmanager_2.js]
[aspromodanet.com/farm/index.html]
[aspromodanet.com/farm/js/googletagmanager_3.js]
[aspromodanet.com/farm/a]
[aspromodanet.com/farm/POST]
[aspromodanet.com/farm/b.resolvedLink]
[aspromodanet.com/farm/schema.org/index.html]
[aspromodanet.com/signals/iwl.js]
[connect.facebook.net/en_US/fbevents.js]
[aspromodanet.com/farm/css/bootstrap.min.css]
[aspromodanet.com/farm/css/css2.css]
[aspromodanet.com/c2.cdn1tp.net/0f0174e1e8594cba916123613aef1c48/images/bg__header--mob.png]
[aspromodanet.com/farm/css/style.css]
[aspromodanet.com/farm/fonts/fa-brands-400.woff2]
[aspromodanet.com/farm/fonts/fa-brands-400.ttf]
[aspromodanet.com/farm/fonts/fa-regular-400.woff2]
[aspromodanet.com/farm/fonts/fa-regular-400.ttf]
[aspromodanet.com/farm/fonts/fa-solid-900.woff2]
[aspromodanet.com/farm/fonts/fa-solid-900.ttf]
[aspromodanet.com/farm/fonts/fa-v4compatibility.woff2]
[aspromodanet.com/farm/fonts/fa-v4compatibility.ttf]
[aspromodanet.com/farm/css/all.min.css]
[aspromodanet.com/farm/a.html]
[aspromodanet.com/farm/POST.html]
[aspromodanet.com/farm/schema.org/index.html]
[aspromodanet.com/farm/b.html]
[aspromodanet.com/signals/iwl.html]
[aspromodanet.com/farm/css/css2.css]
[aspromodanet.com/c2.cdn1tp.net/0f0174e1e8594cba916123613aef1c48/images/bg__header--mob.html]
